  蠕ｩ蜈・ｯｾ雎｡縺ｮ繝励Ο繧ｸ繧ｧ繧ｯ繝医ｒ豎ｺ螳壹＠縺ｦ縺・∪縺・..
  蠕ｩ蜈・ｯｾ雎｡縺ｮ縺吶∋縺ｦ縺ｮ繝励Ο繧ｸ繧ｧ繧ｯ繝医・譛譁ｰ縺ｧ縺吶・
C:\Program Files\dotnet\sdk\10.0.100\Microsoft.Common.CurrentVersion.targets(5381,5): warning MSB3026: "C:\Users\currypain\source\repos\panzoux\twf\obj\Debug\net8.0\apphost.exe" 繧・"bin\Debug\net8.0\twf.exe" 縺ｫ繧ｳ繝斐・縺ｧ縺阪∪縺帙ｓ縺ｧ縺励◆縲・000 繝溘Μ遘剃ｻ･蜀・↓ 1 蝗樒岼縺ｮ蜀崎ｩｦ陦後ｒ髢句ｧ九＠縺ｾ縺吶５he process cannot access the file 'C:\Users\currypain\source\repos\panzoux\twf\bin\Debug\net8.0\twf.exe' because it is being used by another process. 縺薙・繝輔ぃ繧､繝ｫ縺ｯ "twf (22132)" 縺ｫ繧医▲縺ｦ繝ｭ繝・け縺輔ｌ縺ｦ縺・∪縺吶・[C:\Users\currypain\source\repos\panzoux\twf\twf.csproj]
C:\Program Files\dotnet\sdk\10.0.100\Microsoft.Common.CurrentVersion.targets(5381,5): warning MSB3026: "C:\Users\currypain\source\repos\panzoux\twf\obj\Debug\net8.0\apphost.exe" 繧・"bin\Debug\net8.0\twf.exe" 縺ｫ繧ｳ繝斐・縺ｧ縺阪∪縺帙ｓ縺ｧ縺励◆縲・000 繝溘Μ遘剃ｻ･蜀・↓ 2 蝗樒岼縺ｮ蜀崎ｩｦ陦後ｒ髢句ｧ九＠縺ｾ縺吶５he process cannot access the file 'C:\Users\currypain\source\repos\panzoux\twf\bin\Debug\net8.0\twf.exe' because it is being used by another process. 縺薙・繝輔ぃ繧､繝ｫ縺ｯ "twf (22132)" 縺ｫ繧医▲縺ｦ繝ｭ繝・け縺輔ｌ縺ｦ縺・∪縺吶・[C:\Users\currypain\source\repos\panzoux\twf\twf.csproj]
C:\Program Files\dotnet\sdk\10.0.100\Microsoft.Common.CurrentVersion.targets(5381,5): warning MSB3026: "C:\Users\currypain\source\repos\panzoux\twf\obj\Debug\net8.0\apphost.exe" 繧・"bin\Debug\net8.0\twf.exe" 縺ｫ繧ｳ繝斐・縺ｧ縺阪∪縺帙ｓ縺ｧ縺励◆縲・000 繝溘Μ遘剃ｻ･蜀・↓ 3 蝗樒岼縺ｮ蜀崎ｩｦ陦後ｒ髢句ｧ九＠縺ｾ縺吶５he process cannot access the file 'C:\Users\currypain\source\repos\panzoux\twf\bin\Debug\net8.0\twf.exe' because it is being used by another process. 縺薙・繝輔ぃ繧､繝ｫ縺ｯ "twf (22132)" 縺ｫ繧医▲縺ｦ繝ｭ繝・け縺輔ｌ縺ｦ縺・∪縺吶・[C:\Users\currypain\source\repos\panzoux\twf\twf.csproj]
C:\Program Files\dotnet\sdk\10.0.100\Microsoft.Common.CurrentVersion.targets(5381,5): warning MSB3026: "C:\Users\currypain\source\repos\panzoux\twf\obj\Debug\net8.0\apphost.exe" 繧・"bin\Debug\net8.0\twf.exe" 縺ｫ繧ｳ繝斐・縺ｧ縺阪∪縺帙ｓ縺ｧ縺励◆縲・000 繝溘Μ遘剃ｻ･蜀・↓ 4 蝗樒岼縺ｮ蜀崎ｩｦ陦後ｒ髢句ｧ九＠縺ｾ縺吶５he process cannot access the file 'C:\Users\currypain\source\repos\panzoux\twf\bin\Debug\net8.0\twf.exe' because it is being used by another process. 縺薙・繝輔ぃ繧､繝ｫ縺ｯ "twf (22132)" 縺ｫ繧医▲縺ｦ繝ｭ繝・け縺輔ｌ縺ｦ縺・∪縺吶・[C:\Users\currypain\source\repos\panzoux\twf\twf.csproj]
C:\Program Files\dotnet\sdk\10.0.100\Microsoft.Common.CurrentVersion.targets(5381,5): warning MSB3026: "C:\Users\currypain\source\repos\panzoux\twf\obj\Debug\net8.0\apphost.exe" 繧・"bin\Debug\net8.0\twf.exe" 縺ｫ繧ｳ繝斐・縺ｧ縺阪∪縺帙ｓ縺ｧ縺励◆縲・000 繝溘Μ遘剃ｻ･蜀・↓ 5 蝗樒岼縺ｮ蜀崎ｩｦ陦後ｒ髢句ｧ九＠縺ｾ縺吶５he process cannot access the file 'C:\Users\currypain\source\repos\panzoux\twf\bin\Debug\net8.0\twf.exe' because it is being used by another process. 縺薙・繝輔ぃ繧､繝ｫ縺ｯ "twf (22132)" 縺ｫ繧医▲縺ｦ繝ｭ繝・け縺輔ｌ縺ｦ縺・∪縺吶・[C:\Users\currypain\source\repos\panzoux\twf\twf.csproj]
C:\Program Files\dotnet\sdk\10.0.100\Microsoft.Common.CurrentVersion.targets(5381,5): warning MSB3026: "C:\Users\currypain\source\repos\panzoux\twf\obj\Debug\net8.0\apphost.exe" 繧・"bin\Debug\net8.0\twf.exe" 縺ｫ繧ｳ繝斐・縺ｧ縺阪∪縺帙ｓ縺ｧ縺励◆縲・000 繝溘Μ遘剃ｻ･蜀・↓ 6 蝗樒岼縺ｮ蜀崎ｩｦ陦後ｒ髢句ｧ九＠縺ｾ縺吶５he process cannot access the file 'C:\Users\currypain\source\repos\panzoux\twf\bin\Debug\net8.0\twf.exe' because it is being used by another process. 縺薙・繝輔ぃ繧､繝ｫ縺ｯ "twf (22132)" 縺ｫ繧医▲縺ｦ繝ｭ繝・け縺輔ｌ縺ｦ縺・∪縺吶・[C:\Users\currypain\source\repos\panzoux\twf\twf.csproj]
C:\Program Files\dotnet\sdk\10.0.100\Microsoft.Common.CurrentVersion.targets(5381,5): warning MSB3026: "C:\Users\currypain\source\repos\panzoux\twf\obj\Debug\net8.0\apphost.exe" 繧・"bin\Debug\net8.0\twf.exe" 縺ｫ繧ｳ繝斐・縺ｧ縺阪∪縺帙ｓ縺ｧ縺励◆縲・000 繝溘Μ遘剃ｻ･蜀・↓ 7 蝗樒岼縺ｮ蜀崎ｩｦ陦後ｒ髢句ｧ九＠縺ｾ縺吶５he process cannot access the file 'C:\Users\currypain\source\repos\panzoux\twf\bin\Debug\net8.0\twf.exe' because it is being used by another process. 縺薙・繝輔ぃ繧､繝ｫ縺ｯ "twf (22132)" 縺ｫ繧医▲縺ｦ繝ｭ繝・け縺輔ｌ縺ｦ縺・∪縺吶・[C:\Users\currypain\source\repos\panzoux\twf\twf.csproj]
C:\Program Files\dotnet\sdk\10.0.100\Microsoft.Common.CurrentVersion.targets(5381,5): warning MSB3026: "C:\Users\currypain\source\repos\panzoux\twf\obj\Debug\net8.0\apphost.exe" 繧・"bin\Debug\net8.0\twf.exe" 縺ｫ繧ｳ繝斐・縺ｧ縺阪∪縺帙ｓ縺ｧ縺励◆縲・000 繝溘Μ遘剃ｻ･蜀・↓ 8 蝗樒岼縺ｮ蜀崎ｩｦ陦後ｒ髢句ｧ九＠縺ｾ縺吶５he process cannot access the file 'C:\Users\currypain\source\repos\panzoux\twf\bin\Debug\net8.0\twf.exe' because it is being used by another process. 縺薙・繝輔ぃ繧､繝ｫ縺ｯ "twf (22132)" 縺ｫ繧医▲縺ｦ繝ｭ繝・け縺輔ｌ縺ｦ縺・∪縺吶・[C:\Users\currypain\source\repos\panzoux\twf\twf.csproj]
C:\Program Files\dotnet\sdk\10.0.100\Microsoft.Common.CurrentVersion.targets(5381,5): warning MSB3026: "C:\Users\currypain\source\repos\panzoux\twf\obj\Debug\net8.0\apphost.exe" 繧・"bin\Debug\net8.0\twf.exe" 縺ｫ繧ｳ繝斐・縺ｧ縺阪∪縺帙ｓ縺ｧ縺励◆縲・000 繝溘Μ遘剃ｻ･蜀・↓ 9 蝗樒岼縺ｮ蜀崎ｩｦ陦後ｒ髢句ｧ九＠縺ｾ縺吶５he process cannot access the file 'C:\Users\currypain\source\repos\panzoux\twf\bin\Debug\net8.0\twf.exe' because it is being used by another process. 縺薙・繝輔ぃ繧､繝ｫ縺ｯ "twf (22132)" 縺ｫ繧医▲縺ｦ繝ｭ繝・け縺輔ｌ縺ｦ縺・∪縺吶・[C:\Users\currypain\source\repos\panzoux\twf\twf.csproj]
C:\Program Files\dotnet\sdk\10.0.100\Microsoft.Common.CurrentVersion.targets(5381,5): warning MSB3026: "C:\Users\currypain\source\repos\panzoux\twf\obj\Debug\net8.0\apphost.exe" 繧・"bin\Debug\net8.0\twf.exe" 縺ｫ繧ｳ繝斐・縺ｧ縺阪∪縺帙ｓ縺ｧ縺励◆縲・000 繝溘Μ遘剃ｻ･蜀・↓ 10 蝗樒岼縺ｮ蜀崎ｩｦ陦後ｒ髢句ｧ九＠縺ｾ縺吶５he process cannot access the file 'C:\Users\currypain\source\repos\panzoux\twf\bin\Debug\net8.0\twf.exe' because it is being used by another process. 縺薙・繝輔ぃ繧､繝ｫ縺ｯ "twf (22132)" 縺ｫ繧医▲縺ｦ繝ｭ繝・け縺輔ｌ縺ｦ縺・∪縺吶・[C:\Users\currypain\source\repos\panzoux\twf\twf.csproj]
C:\Program Files\dotnet\sdk\10.0.100\Microsoft.Common.CurrentVersion.targets(5381,5): error MSB3027: "C:\Users\currypain\source\repos\panzoux\twf\obj\Debug\net8.0\apphost.exe" 繧・"bin\Debug\net8.0\twf.exe" 縺ｫ繧ｳ繝斐・縺ｧ縺阪∪縺帙ｓ縺ｧ縺励◆縲・0 蝗槭・蜀崎ｩｦ陦悟屓謨ｰ繧定ｶ・∴縺溘◆繧√∝､ｱ謨励＠縺ｾ縺励◆縲ゅ％縺ｮ繝輔ぃ繧､繝ｫ縺ｯ "twf (22132)" 縺ｫ繧医▲縺ｦ繝ｭ繝・け縺輔ｌ縺ｦ縺・∪縺吶・[C:\Users\currypain\source\repos\panzoux\twf\twf.csproj]
C:\Program Files\dotnet\sdk\10.0.100\Microsoft.Common.CurrentVersion.targets(5381,5): error MSB3021: 繝輔ぃ繧､繝ｫ "C:\Users\currypain\source\repos\panzoux\twf\obj\Debug\net8.0\apphost.exe" 繧・"bin\Debug\net8.0\twf.exe" 縺ｫ繧ｳ繝斐・縺ｧ縺阪∪縺帙ｓ縲５he process cannot access the file 'C:\Users\currypain\source\repos\panzoux\twf\bin\Debug\net8.0\twf.exe' because it is being used by another process. [C:\Users\currypain\source\repos\panzoux\twf\twf.csproj]

繝薙Ν繝峨↓螟ｱ謨励＠縺ｾ縺励◆縲・

C:\Program Files\dotnet\sdk\10.0.100\Microsoft.Common.CurrentVersion.targets(5381,5): warning MSB3026: "C:\Users\currypain\source\repos\panzoux\twf\obj\Debug\net8.0\apphost.exe" 繧・"bin\Debug\net8.0\twf.exe" 縺ｫ繧ｳ繝斐・縺ｧ縺阪∪縺帙ｓ縺ｧ縺励◆縲・000 繝溘Μ遘剃ｻ･蜀・↓ 1 蝗樒岼縺ｮ蜀崎ｩｦ陦後ｒ髢句ｧ九＠縺ｾ縺吶５he process cannot access the file 'C:\Users\currypain\source\repos\panzoux\twf\bin\Debug\net8.0\twf.exe' because it is being used by another process. 縺薙・繝輔ぃ繧､繝ｫ縺ｯ "twf (22132)" 縺ｫ繧医▲縺ｦ繝ｭ繝・け縺輔ｌ縺ｦ縺・∪縺吶・[C:\Users\currypain\source\repos\panzoux\twf\twf.csproj]
C:\Program Files\dotnet\sdk\10.0.100\Microsoft.Common.CurrentVersion.targets(5381,5): warning MSB3026: "C:\Users\currypain\source\repos\panzoux\twf\obj\Debug\net8.0\apphost.exe" 繧・"bin\Debug\net8.0\twf.exe" 縺ｫ繧ｳ繝斐・縺ｧ縺阪∪縺帙ｓ縺ｧ縺励◆縲・000 繝溘Μ遘剃ｻ･蜀・↓ 2 蝗樒岼縺ｮ蜀崎ｩｦ陦後ｒ髢句ｧ九＠縺ｾ縺吶５he process cannot access the file 'C:\Users\currypain\source\repos\panzoux\twf\bin\Debug\net8.0\twf.exe' because it is being used by another process. 縺薙・繝輔ぃ繧､繝ｫ縺ｯ "twf (22132)" 縺ｫ繧医▲縺ｦ繝ｭ繝・け縺輔ｌ縺ｦ縺・∪縺吶・[C:\Users\currypain\source\repos\panzoux\twf\twf.csproj]
C:\Program Files\dotnet\sdk\10.0.100\Microsoft.Common.CurrentVersion.targets(5381,5): warning MSB3026: "C:\Users\currypain\source\repos\panzoux\twf\obj\Debug\net8.0\apphost.exe" 繧・"bin\Debug\net8.0\twf.exe" 縺ｫ繧ｳ繝斐・縺ｧ縺阪∪縺帙ｓ縺ｧ縺励◆縲・000 繝溘Μ遘剃ｻ･蜀・↓ 3 蝗樒岼縺ｮ蜀崎ｩｦ陦後ｒ髢句ｧ九＠縺ｾ縺吶５he process cannot access the file 'C:\Users\currypain\source\repos\panzoux\twf\bin\Debug\net8.0\twf.exe' because it is being used by another process. 縺薙・繝輔ぃ繧､繝ｫ縺ｯ "twf (22132)" 縺ｫ繧医▲縺ｦ繝ｭ繝・け縺輔ｌ縺ｦ縺・∪縺吶・[C:\Users\currypain\source\repos\panzoux\twf\twf.csproj]
C:\Program Files\dotnet\sdk\10.0.100\Microsoft.Common.CurrentVersion.targets(5381,5): warning MSB3026: "C:\Users\currypain\source\repos\panzoux\twf\obj\Debug\net8.0\apphost.exe" 繧・"bin\Debug\net8.0\twf.exe" 縺ｫ繧ｳ繝斐・縺ｧ縺阪∪縺帙ｓ縺ｧ縺励◆縲・000 繝溘Μ遘剃ｻ･蜀・↓ 4 蝗樒岼縺ｮ蜀崎ｩｦ陦後ｒ髢句ｧ九＠縺ｾ縺吶５he process cannot access the file 'C:\Users\currypain\source\repos\panzoux\twf\bin\Debug\net8.0\twf.exe' because it is being used by another process. 縺薙・繝輔ぃ繧､繝ｫ縺ｯ "twf (22132)" 縺ｫ繧医▲縺ｦ繝ｭ繝・け縺輔ｌ縺ｦ縺・∪縺吶・[C:\Users\currypain\source\repos\panzoux\twf\twf.csproj]
C:\Program Files\dotnet\sdk\10.0.100\Microsoft.Common.CurrentVersion.targets(5381,5): warning MSB3026: "C:\Users\currypain\source\repos\panzoux\twf\obj\Debug\net8.0\apphost.exe" 繧・"bin\Debug\net8.0\twf.exe" 縺ｫ繧ｳ繝斐・縺ｧ縺阪∪縺帙ｓ縺ｧ縺励◆縲・000 繝溘Μ遘剃ｻ･蜀・↓ 5 蝗樒岼縺ｮ蜀崎ｩｦ陦後ｒ髢句ｧ九＠縺ｾ縺吶５he process cannot access the file 'C:\Users\currypain\source\repos\panzoux\twf\bin\Debug\net8.0\twf.exe' because it is being used by another process. 縺薙・繝輔ぃ繧､繝ｫ縺ｯ "twf (22132)" 縺ｫ繧医▲縺ｦ繝ｭ繝・け縺輔ｌ縺ｦ縺・∪縺吶・[C:\Users\currypain\source\repos\panzoux\twf\twf.csproj]
C:\Program Files\dotnet\sdk\10.0.100\Microsoft.Common.CurrentVersion.targets(5381,5): warning MSB3026: "C:\Users\currypain\source\repos\panzoux\twf\obj\Debug\net8.0\apphost.exe" 繧・"bin\Debug\net8.0\twf.exe" 縺ｫ繧ｳ繝斐・縺ｧ縺阪∪縺帙ｓ縺ｧ縺励◆縲・000 繝溘Μ遘剃ｻ･蜀・↓ 6 蝗樒岼縺ｮ蜀崎ｩｦ陦後ｒ髢句ｧ九＠縺ｾ縺吶５he process cannot access the file 'C:\Users\currypain\source\repos\panzoux\twf\bin\Debug\net8.0\twf.exe' because it is being used by another process. 縺薙・繝輔ぃ繧､繝ｫ縺ｯ "twf (22132)" 縺ｫ繧医▲縺ｦ繝ｭ繝・け縺輔ｌ縺ｦ縺・∪縺吶・[C:\Users\currypain\source\repos\panzoux\twf\twf.csproj]
C:\Program Files\dotnet\sdk\10.0.100\Microsoft.Common.CurrentVersion.targets(5381,5): warning MSB3026: "C:\Users\currypain\source\repos\panzoux\twf\obj\Debug\net8.0\apphost.exe" 繧・"bin\Debug\net8.0\twf.exe" 縺ｫ繧ｳ繝斐・縺ｧ縺阪∪縺帙ｓ縺ｧ縺励◆縲・000 繝溘Μ遘剃ｻ･蜀・↓ 7 蝗樒岼縺ｮ蜀崎ｩｦ陦後ｒ髢句ｧ九＠縺ｾ縺吶５he process cannot access the file 'C:\Users\currypain\source\repos\panzoux\twf\bin\Debug\net8.0\twf.exe' because it is being used by another process. 縺薙・繝輔ぃ繧､繝ｫ縺ｯ "twf (22132)" 縺ｫ繧医▲縺ｦ繝ｭ繝・け縺輔ｌ縺ｦ縺・∪縺吶・[C:\Users\currypain\source\repos\panzoux\twf\twf.csproj]
C:\Program Files\dotnet\sdk\10.0.100\Microsoft.Common.CurrentVersion.targets(5381,5): warning MSB3026: "C:\Users\currypain\source\repos\panzoux\twf\obj\Debug\net8.0\apphost.exe" 繧・"bin\Debug\net8.0\twf.exe" 縺ｫ繧ｳ繝斐・縺ｧ縺阪∪縺帙ｓ縺ｧ縺励◆縲・000 繝溘Μ遘剃ｻ･蜀・↓ 8 蝗樒岼縺ｮ蜀崎ｩｦ陦後ｒ髢句ｧ九＠縺ｾ縺吶５he process cannot access the file 'C:\Users\currypain\source\repos\panzoux\twf\bin\Debug\net8.0\twf.exe' because it is being used by another process. 縺薙・繝輔ぃ繧､繝ｫ縺ｯ "twf (22132)" 縺ｫ繧医▲縺ｦ繝ｭ繝・け縺輔ｌ縺ｦ縺・∪縺吶・[C:\Users\currypain\source\repos\panzoux\twf\twf.csproj]
C:\Program Files\dotnet\sdk\10.0.100\Microsoft.Common.CurrentVersion.targets(5381,5): warning MSB3026: "C:\Users\currypain\source\repos\panzoux\twf\obj\Debug\net8.0\apphost.exe" 繧・"bin\Debug\net8.0\twf.exe" 縺ｫ繧ｳ繝斐・縺ｧ縺阪∪縺帙ｓ縺ｧ縺励◆縲・000 繝溘Μ遘剃ｻ･蜀・↓ 9 蝗樒岼縺ｮ蜀崎ｩｦ陦後ｒ髢句ｧ九＠縺ｾ縺吶５he process cannot access the file 'C:\Users\currypain\source\repos\panzoux\twf\bin\Debug\net8.0\twf.exe' because it is being used by another process. 縺薙・繝輔ぃ繧､繝ｫ縺ｯ "twf (22132)" 縺ｫ繧医▲縺ｦ繝ｭ繝・け縺輔ｌ縺ｦ縺・∪縺吶・[C:\Users\currypain\source\repos\panzoux\twf\twf.csproj]
C:\Program Files\dotnet\sdk\10.0.100\Microsoft.Common.CurrentVersion.targets(5381,5): warning MSB3026: "C:\Users\currypain\source\repos\panzoux\twf\obj\Debug\net8.0\apphost.exe" 繧・"bin\Debug\net8.0\twf.exe" 縺ｫ繧ｳ繝斐・縺ｧ縺阪∪縺帙ｓ縺ｧ縺励◆縲・000 繝溘Μ遘剃ｻ･蜀・↓ 10 蝗樒岼縺ｮ蜀崎ｩｦ陦後ｒ髢句ｧ九＠縺ｾ縺吶５he process cannot access the file 'C:\Users\currypain\source\repos\panzoux\twf\bin\Debug\net8.0\twf.exe' because it is being used by another process. 縺薙・繝輔ぃ繧､繝ｫ縺ｯ "twf (22132)" 縺ｫ繧医▲縺ｦ繝ｭ繝・け縺輔ｌ縺ｦ縺・∪縺吶・[C:\Users\currypain\source\repos\panzoux\twf\twf.csproj]
C:\Program Files\dotnet\sdk\10.0.100\Microsoft.Common.CurrentVersion.targets(5381,5): error MSB3027: "C:\Users\currypain\source\repos\panzoux\twf\obj\Debug\net8.0\apphost.exe" 繧・"bin\Debug\net8.0\twf.exe" 縺ｫ繧ｳ繝斐・縺ｧ縺阪∪縺帙ｓ縺ｧ縺励◆縲・0 蝗槭・蜀崎ｩｦ陦悟屓謨ｰ繧定ｶ・∴縺溘◆繧√∝､ｱ謨励＠縺ｾ縺励◆縲ゅ％縺ｮ繝輔ぃ繧､繝ｫ縺ｯ "twf (22132)" 縺ｫ繧医▲縺ｦ繝ｭ繝・け縺輔ｌ縺ｦ縺・∪縺吶・[C:\Users\currypain\source\repos\panzoux\twf\twf.csproj]
C:\Program Files\dotnet\sdk\10.0.100\Microsoft.Common.CurrentVersion.targets(5381,5): error MSB3021: 繝輔ぃ繧､繝ｫ "C:\Users\currypain\source\repos\panzoux\twf\obj\Debug\net8.0\apphost.exe" 繧・"bin\Debug\net8.0\twf.exe" 縺ｫ繧ｳ繝斐・縺ｧ縺阪∪縺帙ｓ縲５he process cannot access the file 'C:\Users\currypain\source\repos\panzoux\twf\bin\Debug\net8.0\twf.exe' because it is being used by another process. [C:\Users\currypain\source\repos\panzoux\twf\twf.csproj]
    10 蛟九・隴ｦ蜻・
    2 繧ｨ繝ｩ繝ｼ

邨碁℃譎る俣 00:00:11.83
