  復元対象のプロジェクトを決定しています...
  復元対象のすべてのプロジェクトは最新です。
C:\Users\currypain\source\repos\panzoux\twf\Controllers\MainController.cs(4473,1): error CS1056: 予期しない文字 '`' [C:\Users\currypain\source\repos\panzoux\twf\twf.csproj]
C:\Users\currypain\source\repos\panzoux\twf\Controllers\MainController.cs(4473,2): error CS1056: 予期しない文字 '`' [C:\Users\currypain\source\repos\panzoux\twf\twf.csproj]
C:\Users\currypain\source\repos\panzoux\twf\Controllers\MainController.cs(4473,3): error CS1056: 予期しない文字 '`' [C:\Users\currypain\source\repos\panzoux\twf\twf.csproj]

ビルドに失敗しました。

C:\Users\currypain\source\repos\panzoux\twf\Controllers\MainController.cs(4473,1): error CS1056: 予期しない文字 '`' [C:\Users\currypain\source\repos\panzoux\twf\twf.csproj]
C:\Users\currypain\source\repos\panzoux\twf\Controllers\MainController.cs(4473,2): error CS1056: 予期しない文字 '`' [C:\Users\currypain\source\repos\panzoux\twf\twf.csproj]
C:\Users\currypain\source\repos\panzoux\twf\Controllers\MainController.cs(4473,3): error CS1056: 予期しない文字 '`' [C:\Users\currypain\source\repos\panzoux\twf\twf.csproj]
    0 個の警告
    3 エラー

経過時間 00:00:01.32
